
> DetoxPresentationApp@0.0.1 detox:test:android
> detox test -c android.emu.debug --runInBand

npm : 15:02:21.095 detox[2452] B jest --config e2e/jest.config.js --runInBand
At line:1 char:49
+ ... v\Detox\DetoxPresentationApp; npm run detox:test:android 2>&1 | Out-F ...
+                                   ~~~~~~~~~~~~~~~~~~~~~~~~~~~~~~~
    + CategoryInfo          : NotSpecified: (15:02:21.095 de....js --runInBand:String) [], Rem 
   oteException
    + FullyQualifiedErrorId : NativeCommandError
 
15:02:26.898 detox[15224] i Though the "loose" option was set to "false" in your @babel/preset-
env config, it will not be used for @babel/plugin-transform-private-methods since the "loose" m
ode option was set to "true" for @babel/plugin-transform-class-properties.
The "loose" option must be the same for @babel/plugin-transform-class-properties, @babel/plugin
-transform-private-methods and @babel/plugin-transform-private-property-in-object (when they ar
e enabled): you can silence this warning by explicitly adding
	["@babel/plugin-transform-private-methods", { "loose": true }]
to the "plugins" section of your Babel config.

If you already set the same 'loose' mode for these plugins in your config, it's possible that t
hey are enabled multiple times with different options.
You can re-run Babel with the BABEL_SHOW_CONFIG_FOR environment variable to show the loaded con
figuration:
	npx cross-env BABEL_SHOW_CONFIG_FOR=C:\dev\Detox\DetoxPresentationApp\e2e\03-negative.e2e.test
.js <your build command>
See https://babeljs.io/docs/configuration#print-effective-configs for more info.
15:02:26.899 detox[15224] i Though the "loose" option was set to "false" in your @babel/preset-
env config, it will not be used for @babel/plugin-transform-private-property-in-object since th
e "loose" mode option was set to "true" for @babel/plugin-transform-class-properties.
The "loose" option must be the same for @babel/plugin-transform-class-properties, @babel/plugin
-transform-private-methods and @babel/plugin-transform-private-property-in-object (when they ar
e enabled): you can silence this warning by explicitly adding
	["@babel/plugin-transform-private-property-in-object", { "loose": true }]
to the "plugins" section of your Babel config.

If you already set the same 'loose' mode for these plugins in your config, it's possible that t
hey are enabled multiple times with different options.
You can re-run Babel with the BABEL_SHOW_CONFIG_FOR environment variable to show the loaded con
figuration:
	npx cross-env BABEL_SHOW_CONFIG_FOR=C:\dev\Detox\DetoxPresentationApp\e2e\03-negative.e2e.test
.js <your build command>
See https://babeljs.io/docs/configuration#print-effective-configs for more info.
15:02:26.973 detox[15224] i 03-negative.e2e.test.js is assigned to emulator-15372 (Pixel_7)
15:02:42.030 detox[15224] i Form - negative cases: shows error when name is too short
15:02:42.071 detox[15224] i The app seems to be idle
15:02:44.252 detox[15224] i Form - negative cases: shows error when name is too short [FAIL]
15:02:44.253 detox[15224] i Form - negative cases: shows error when name is empty
15:02:45.475 detox[15224] i Form - negative cases: shows error when name is empty [FAIL]
15:02:45.475 detox[15224] i Form - negative cases: does not show success by default
15:02:45.787 detox[15224] i Form - negative cases: does not show success by default [OK]

FAIL e2e/03-negative.e2e.test.js (24.132 s)
  Form - negative cases
    ├Ś shows error when name is too short (2221 ms)
    ├Ś shows error when name is empty (1221 ms)
    ÔłÜ does not show success by default (312 ms)

  ÔŚĆ Form - negative cases ÔÇ║ shows error when name is too short

    Test Failed: '(view has effective visibility <VISIBLE> and view.getGlobalVisibleRect() cove
rs at least <75> percent of the view's area)' doesn't match the selected view.
    Expected: (view has effective visibility <VISIBLE> and view.getGlobalVisibleRect() covers a
t least <75> percent of the view's area)
         Got: was null

    [0m [90m 13 |[39m     [36mawait[39m element(by[33m.[39mid([32m"submitButton"[39m))
[33m.[39mtap()[33m;[39m
     [90m 14 |[39m
    [31m[1m>[22m[39m[90m 15 |[39m     [36mawait[39m expect(element(by[33m.[39mid([32
m"errorMessage"[39m)))[33m.[39mtoBeVisible()[33m;[39m
     [90m    |[39m                                                  [31m[1m^[22m[39m
     [90m 16 |[39m     [36mawait[39m expect(
     [90m 17 |[39m       element(by[33m.[39mtext([32m"Name must be at least 3 characters"
[39m))[33m,[39m
     [90m 18 |[39m     )[33m.[39mtoBeVisible()[33m;[39m[0m

      at createErrorWithUserStack (node_modules/detox/src/utils/errorUtils.js:36:27)
      at Client._doSendAction (node_modules/detox/src/client/Client.js:168:32)
      at Client._sendMonitoredAction (node_modules/detox/src/client/Client.js:161:25)
      at Client.sendAction (node_modules/detox/src/client/Client.js:147:14)
      at Client.execute (node_modules/detox/src/client/Client.js:132:25)
      at InvocationManager.execute (node_modules/detox/src/invoke.js:11:39)
      at MatcherAssertionInteraction.execute (node_modules/detox/src/android/interactions/nativ
e.js:23:31)
      at NativeExpectElement.toBeVisible (node_modules/detox/src/android/core/NativeExpect.js:2
5:137)
      at toBeVisible (e2e/03-negative.e2e.test.js:15:50)
      at node_modules/@babel/runtime/helpers/regeneratorRuntime.js:52:18
      at Generator.<anonymous> (node_modules/@babel/runtime/helpers/regenerator.js:52:51)
      at Generator.next (node_modules/@babel/runtime/helpers/regeneratorDefine.js:11:21)
      at asyncGeneratorStep (node_modules/@babel/runtime/helpers/asyncToGenerator.js:3:17)
      at _next (node_modules/@babel/runtime/helpers/asyncToGenerator.js:17:9)

  ÔŚĆ Form - negative cases ÔÇ║ shows error when name is empty

    Test Failed: '(view has effective visibility <VISIBLE> and view.getGlobalVisibleRect() cove
rs at least <75> percent of the view's area)' doesn't match the selected view.
    Expected: (view has effective visibility <VISIBLE> and view.getGlobalVisibleRect() covers a
t least <75> percent of the view's area)
         Got: was null

    [0m [90m 24 |[39m     [36mawait[39m element(by[33m.[39mid([32m"submitButton"[39m))
[33m.[39mtap()[33m;[39m
     [90m 25 |[39m
    [31m[1m>[22m[39m[90m 26 |[39m     [36mawait[39m expect(element(by[33m.[39mid([32
m"errorMessage"[39m)))[33m.[39mtoBeVisible()[33m;[39m
     [90m    |[39m                                                  [31m[1m^[22m[39m
     [90m 27 |[39m   })[33m;[39m
     [90m 28 |[39m
     [90m 29 |[39m   it([32m"does not show success by default"[39m[33m,[39m [36masync[3
9m () [33m=>[39m {[0m

      at createErrorWithUserStack (node_modules/detox/src/utils/errorUtils.js:36:27)
      at Client._doSendAction (node_modules/detox/src/client/Client.js:168:32)
      at Client._sendMonitoredAction (node_modules/detox/src/client/Client.js:161:25)
      at Client.sendAction (node_modules/detox/src/client/Client.js:147:14)
      at Client.execute (node_modules/detox/src/client/Client.js:132:25)
      at InvocationManager.execute (node_modules/detox/src/invoke.js:11:39)
      at MatcherAssertionInteraction.execute (node_modules/detox/src/android/interactions/nativ
e.js:23:31)
      at NativeExpectElement.toBeVisible (node_modules/detox/src/android/core/NativeExpect.js:2
5:137)
      at toBeVisible (e2e/03-negative.e2e.test.js:26:50)
      at node_modules/@babel/runtime/helpers/regeneratorRuntime.js:52:18
      at Generator.<anonymous> (node_modules/@babel/runtime/helpers/regenerator.js:52:51)
      at Generator.next (node_modules/@babel/runtime/helpers/regeneratorDefine.js:11:21)
      at asyncGeneratorStep (node_modules/@babel/runtime/helpers/asyncToGenerator.js:3:17)
      at _next (node_modules/@babel/runtime/helpers/asyncToGenerator.js:17:9)

15:02:49.525 detox[15224] i 02-positive.e2e.test.js is assigned to emulator-15372 (Pixel_7)
15:03:04.030 detox[15224] i Form - positive case: shows success when valid name submitted
15:03:04.075 detox[15224] i The app seems to be idle
15:03:06.386 detox[15224] i Form - positive case: shows success when valid name submitted [FAIL
]

FAIL e2e/02-positive.e2e.test.js (20.537 s)
  Form - positive case
    ├Ś shows success when valid name submitted (2357 ms)

  ÔŚĆ Form - positive case ÔÇ║ shows success when valid name submitted

    Test Failed: '(view has effective visibility <VISIBLE> and view.getGlobalVisibleRect() cove
rs at least <75> percent of the view's area)' doesn't match the selected view.
    Expected: (view has effective visibility <VISIBLE> and view.getGlobalVisibleRect() covers a
t least <75> percent of the view's area)
         Got: was null

    [0m [90m 15 |[39m     [36mawait[39m element(by[33m.[39mid([32m"submitButton"[39m))
[33m.[39mtap()[33m;[39m
     [90m 16 |[39m
    [31m[1m>[22m[39m[90m 17 |[39m     [36mawait[39m expect(element(by[33m.[39mid([32
m"successMessage"[39m)))[33m.[39mtoBeVisible()[33m;[39m
     [90m    |[39m                                                    [31m[1m^[22m[39m
     [90m 18 |[39m     [36mawait[39m expect(element(by[33m.[39mtext([32m"Welcome, Alice!
"[39m)))[33m.[39mtoBeVisible()[33m;[39m
     [90m 19 |[39m   })[33m;[39m
     [90m 20 |[39m })[33m;[39m[0m

      at createErrorWithUserStack (node_modules/detox/src/utils/errorUtils.js:36:27)
      at Client._doSendAction (node_modules/detox/src/client/Client.js:168:32)
      at Client._sendMonitoredAction (node_modules/detox/src/client/Client.js:161:25)
      at Client.sendAction (node_modules/detox/src/client/Client.js:147:14)
      at Client.execute (node_modules/detox/src/client/Client.js:132:25)
      at InvocationManager.execute (node_modules/detox/src/invoke.js:11:39)
      at MatcherAssertionInteraction.execute (node_modules/detox/src/android/interactions/nativ
e.js:23:31)
      at NativeExpectElement.toBeVisible (node_modules/detox/src/android/core/NativeExpect.js:2
5:137)
      at toBeVisible (e2e/02-positive.e2e.test.js:17:52)
      at node_modules/@babel/runtime/helpers/regeneratorRuntime.js:52:18
      at Generator.<anonymous> (node_modules/@babel/runtime/helpers/regenerator.js:52:51)
      at Generator.next (node_modules/@babel/runtime/helpers/regeneratorDefine.js:11:21)
      at asyncGeneratorStep (node_modules/@babel/runtime/helpers/asyncToGenerator.js:3:17)
      at _next (node_modules/@babel/runtime/helpers/asyncToGenerator.js:17:9)

15:03:10.516 detox[15224] i Though the "loose" option was set to "false" in your @babel/preset-
env config, it will not be used for @babel/plugin-transform-private-methods since the "loose" m
ode option was set to "true" for @babel/plugin-transform-class-properties.
The "loose" option must be the same for @babel/plugin-transform-class-properties, @babel/plugin
-transform-private-methods and @babel/plugin-transform-private-property-in-object (when they ar
e enabled): you can silence this warning by explicitly adding
	["@babel/plugin-transform-private-methods", { "loose": true }]
to the "plugins" section of your Babel config.

If you already set the same 'loose' mode for these plugins in your config, it's possible that t
hey are enabled multiple times with different options.
You can re-run Babel with the BABEL_SHOW_CONFIG_FOR environment variable to show the loaded con
figuration:
	npx cross-env BABEL_SHOW_CONFIG_FOR=C:\dev\Detox\DetoxPresentationApp\e2e\04-input-interaction
.e2e.test.js <your build command>
See https://babeljs.io/docs/configuration#print-effective-configs for more info.
15:03:10.516 detox[15224] i Though the "loose" option was set to "false" in your @babel/preset-
env config, it will not be used for @babel/plugin-transform-private-property-in-object since th
e "loose" mode option was set to "true" for @babel/plugin-transform-class-properties.
The "loose" option must be the same for @babel/plugin-transform-class-properties, @babel/plugin
-transform-private-methods and @babel/plugin-transform-private-property-in-object (when they ar
e enabled): you can silence this warning by explicitly adding
	["@babel/plugin-transform-private-property-in-object", { "loose": true }]
to the "plugins" section of your Babel config.

If you already set the same 'loose' mode for these plugins in your config, it's possible that t
hey are enabled multiple times with different options.
You can re-run Babel with the BABEL_SHOW_CONFIG_FOR environment variable to show the loaded con
figuration:
	npx cross-env BABEL_SHOW_CONFIG_FOR=C:\dev\Detox\DetoxPresentationApp\e2e\04-input-interaction
.e2e.test.js <your build command>
See https://babeljs.io/docs/configuration#print-effective-configs for more info.
15:03:10.566 detox[15224] i 04-input-interaction.e2e.test.js is assigned to emulator-15372 (Pix
el_7)
15:03:18.252 detox[15224] i Input Interactions: should clear input and allow resubmission
15:03:19.899 detox[15224] i Input Interactions: should clear input and allow resubmission [OK]
15:03:19.899 detox[15224] i Input Interactions: should handle multiple submissions with differe
nt inputs
15:03:22.215 detox[15224] i Input Interactions: should handle multiple submissions with differe
nt inputs [OK]
15:03:22.216 detox[15224] i Input Interactions: should preserve message state after valid submi
ssion
15:03:32.262 detox[15224] i The app seems to be idle
15:03:33.489 detox[15224] i Input Interactions: should preserve message state after valid submi
ssion [OK]

PASS e2e/04-input-interaction.e2e.test.js (27.043 s)
  Input Interactions
    ÔłÜ should clear input and allow resubmission (1647 ms)
    ÔłÜ should handle multiple submissions with different inputs (2316 ms)
    ÔłÜ should preserve message state after valid submission (11272 ms)

15:03:35.090 detox[15224] i 01-starter.test.js is assigned to emulator-15372 (Pixel_7)
15:03:42.742 detox[15224] i Smoke: should show home screen
15:03:42.832 detox[15224] i Smoke: should show home screen [OK]

PASS e2e/01-starter.test.js (9.311 s)
  Smoke
    ÔłÜ should show home screen (89 ms)

Test Suites: 2 failed, 2 passed, 4 total
Tests:       3 failed, 5 passed, 8 total
Snapshots:   0 total
Time:        81.261 s
Ran all test suites.
15:03:42.974 detox[2452] E Command failed with exit code = 1:
jest --config e2e/jest.config.js --runInBand
