npx : 16:40:25.374 detox[20748] B jest --config e2e/jest.config.js
At line:1 char:39
+ ... etoxPresentationApp; npx detox test -c android.emu.debug 2>&1 | Ou
t-F ...
+                          ~~~~~~~~~~~~~~~~~~~~~~~~~~~~~~~~~~~~~~~~
    + CategoryInfo          : NotSpecified: (16:40:25.374 de.../jest.co 
   nfig.js:String) [], RemoteException
    + FullyQualifiedErrorId : NativeCommandError
 
16:40:29.124 detox[5792] i negative.e2e.test.js is assigned to emulator-
5554 (Pixel_7)
16:40:37.063 detox[5792] i Form - negative cases: shows error when name 
is too short
16:40:37.326 detox[5792] i Form - negative cases: shows error when name 
is too short [FAIL]
16:40:37.327 detox[5792] i Form - negative cases: shows error when name 
is empty
16:40:37.332 detox[5792] i Detox can't seem to connect to the test app(s
)!

HINT: 

Have you forgotten to call 'device.launchApp()' in the beginning of your
 test?
Refer to our troubleshooting guide, for full details: https://wix.github
.io/Detox/docs/troubleshooting/running-tests#tests-execution-hangs

---
The following package could not be delivered:

{
  type: 'reactNativeReload',
  params: {},
  messageId: -1000
}
16:40:37.334 detox[5792] i Form - negative cases: shows error when name 
is empty [FAIL]
16:40:37.334 detox[5792] i Form - negative cases: does not show success 
by default
16:40:37.337 detox[5792] i Detox can't seem to connect to the test app(s
)!

HINT: 

Have you forgotten to call 'device.launchApp()' in the beginning of your
 test?
Refer to our troubleshooting guide, for full details: https://wix.github
.io/Detox/docs/troubleshooting/running-tests#tests-execution-hangs

---
The following package could not be delivered:

{
  type: 'reactNativeReload',
  params: {},
  messageId: -1000
}
16:40:37.338 detox[5792] i Form - negative cases: does not show success 
by default [FAIL]

FAIL e2e/negative.e2e.test.js (11.385 s)
  Form - negative cases
    ├Ś shows error when name is too short (262 ms)
    ├Ś shows error when name is empty (6 ms)
    ├Ś does not show success by default (4 ms)

  ÔŚĆ Form - negative cases ÔÇ║ shows error when name is too short

    The pending request #-1000 ("reactNativeReload") has been rejected d
ue to the following error:

    The app has unexpectedly disconnected from Detox server.

    [0m [90m  5 |[39m
     [90m  6 |[39m   beforeEach([36masync[39m () [33m=>[39m {
    [31m[1m>[22m[39m[90m  7 |[39m     [36mawait[39m device[33m.
[39mreloadReactNative()[33m;[39m
     [90m    |[39m                  [31m[1m^[22m[39m
     [90m  8 |[39m   })[33m;[39m
     [90m  9 |[39m
     [90m 10 |[39m   it([32m'shows error when name is too short'[39m
[33m,[39m [36masync[39m () [33m=>[39m {[0m

      at createErrorWithUserStack (node_modules/detox/src/utils/errorUti
ls.js:36:27)
      at RuntimeDevice.stackTraceWrapper (node_modules/detox/src/utils/w
rapWithStackTraceCutter.js:9:34)
      at Object.reloadReactNative (e2e/negative.e2e.test.js:7:18)
      at asyncGeneratorStep (node_modules/@babel/runtime/helpers/asyncTo
Generator.js:3:17)
      at _next (node_modules/@babel/runtime/helpers/asyncToGenerator.js:
17:9)
      at node_modules/@babel/runtime/helpers/asyncToGenerator.js:22:7
      at Object.<anonymous> (node_modules/@babel/runtime/helpers/asyncTo
Generator.js:14:12)

  ÔŚĆ Form - negative cases ÔÇ║ shows error when name is empty

    Detox can't seem to connect to the test app(s)!

    HINT: 

    Have you forgotten to call 'device.launchApp()' in the beginning of 
your test?
    Refer to our troubleshooting guide, for full details: https://wix.gi
thub.io/Detox/docs/troubleshooting/running-tests#tests-execution-hangs

    ---
    The following package could not be delivered:

    {
      type: 'reactNativeReload',
      params: {},
      messageId: -1000
    }

    [0m [90m  5 |[39m
     [90m  6 |[39m   beforeEach([36masync[39m () [33m=>[39m {
    [31m[1m>[22m[39m[90m  7 |[39m     [36mawait[39m device[33m.
[39mreloadReactNative()[33m;[39m
     [90m    |[39m                  [31m[1m^[22m[39m
     [90m  8 |[39m   })[33m;[39m
     [90m  9 |[39m
     [90m 10 |[39m   it([32m'shows error when name is too short'[39m
[33m,[39m [36masync[39m () [33m=>[39m {[0m

      at createErrorWithUserStack (node_modules/detox/src/utils/errorUti
ls.js:36:27)
      at Client._doSendAction (node_modules/detox/src/client/Client.js:1
68:32)
      at Client._sendMonitoredAction (node_modules/detox/src/client/Clie
nt.js:161:25)
      at Client.sendAction (node_modules/detox/src/client/Client.js:147:
14)
      at Client.reloadReactNative (node_modules/detox/src/client/Client.
js:184:16)
      at EmulatorDriver.reloadReactNative (node_modules/detox/src/device
s/runtime/drivers/DeviceDriverBase.js:139:30)
      at RuntimeDevice.reloadReactNative (node_modules/detox/src/devices
/runtime/RuntimeDevice.js:281:29)
      at DetoxLogger._complete (node_modules/detox/src/logger/DetoxLogge
r.js:263:11)
      at RuntimeDevice.tracedMethod (node_modules/detox/src/utils/traceM
ethods.js:6:27)
      at RuntimeDevice.stackTraceWrapper (node_modules/detox/src/utils/w
rapWithStackTraceCutter.js:12:37)
      at Object.reloadReactNative (e2e/negative.e2e.test.js:7:18)
      at asyncGeneratorStep (node_modules/@babel/runtime/helpers/asyncTo
Generator.js:3:17)
      at _next (node_modules/@babel/runtime/helpers/asyncToGenerator.js:
17:9)
      at node_modules/@babel/runtime/helpers/asyncToGenerator.js:22:7
      at Object.<anonymous> (node_modules/@babel/runtime/helpers/asyncTo
Generator.js:14:12)

  ÔŚĆ Form - negative cases ÔÇ║ does not show success by default

    Detox can't seem to connect to the test app(s)!

    HINT: 

    Have you forgotten to call 'device.launchApp()' in the beginning of 
your test?
    Refer to our troubleshooting guide, for full details: https://wix.gi
thub.io/Detox/docs/troubleshooting/running-tests#tests-execution-hangs

    ---
    The following package could not be delivered:

    {
      type: 'reactNativeReload',
      params: {},
      messageId: -1000
    }

    [0m [90m  5 |[39m
     [90m  6 |[39m   beforeEach([36masync[39m () [33m=>[39m {
    [31m[1m>[22m[39m[90m  7 |[39m     [36mawait[39m device[33m.
[39mreloadReactNative()[33m;[39m
     [90m    |[39m                  [31m[1m^[22m[39m
     [90m  8 |[39m   })[33m;[39m
     [90m  9 |[39m
     [90m 10 |[39m   it([32m'shows error when name is too short'[39m
[33m,[39m [36masync[39m () [33m=>[39m {[0m

      at createErrorWithUserStack (node_modules/detox/src/utils/errorUti
ls.js:36:27)
      at Client._doSendAction (node_modules/detox/src/client/Client.js:1
68:32)
      at Client._sendMonitoredAction (node_modules/detox/src/client/Clie
nt.js:161:25)
      at Client.sendAction (node_modules/detox/src/client/Client.js:147:
14)
      at Client.reloadReactNative (node_modules/detox/src/client/Client.
js:184:16)
      at EmulatorDriver.reloadReactNative (node_modules/detox/src/device
s/runtime/drivers/DeviceDriverBase.js:139:30)
      at RuntimeDevice.reloadReactNative (node_modules/detox/src/devices
/runtime/RuntimeDevice.js:281:29)
      at DetoxLogger._complete (node_modules/detox/src/logger/DetoxLogge
r.js:263:11)
      at RuntimeDevice.tracedMethod (node_modules/detox/src/utils/traceM
ethods.js:6:27)
      at RuntimeDevice.stackTraceWrapper (node_modules/detox/src/utils/w
rapWithStackTraceCutter.js:12:37)
      at Object.reloadReactNative (e2e/negative.e2e.test.js:7:18)
      at asyncGeneratorStep (node_modules/@babel/runtime/helpers/asyncTo
Generator.js:3:17)
      at _next (node_modules/@babel/runtime/helpers/asyncToGenerator.js:
17:9)
      at node_modules/@babel/runtime/helpers/asyncToGenerator.js:22:7
      at Object.<anonymous> (node_modules/@babel/runtime/helpers/asyncTo
Generator.js:14:12)

16:40:39.180 detox[5792] i positive.e2e.test.js is assigned to emulator-
5554 (Pixel_7)
16:40:46.618 detox[5792] i Form - positive case: shows success when vali
d name submitted
16:40:46.805 detox[5792] i Form - positive case: shows success when vali
d name submitted [FAIL]

FAIL e2e/positive.e2e.test.js (9.445 s)
  Form - positive case
    ├Ś shows success when valid name submitted (187 ms)

  ÔŚĆ Form - positive case ÔÇ║ shows success when valid name submitted

    The pending request #-1000 ("reactNativeReload") has been rejected d
ue to the following error:

    The app has unexpectedly disconnected from Detox server.

    [0m [90m  5 |[39m
     [90m  6 |[39m   beforeEach([36masync[39m () [33m=>[39m {
    [31m[1m>[22m[39m[90m  7 |[39m     [36mawait[39m device[33m.
[39mreloadReactNative()[33m;[39m
     [90m    |[39m                  [31m[1m^[22m[39m
     [90m  8 |[39m   })[33m;[39m
     [90m  9 |[39m
     [90m 10 |[39m   it([32m'shows success when valid name submitted'
[39m[33m,[39m [36masync[39m () [33m=>[39m {[0m

      at createErrorWithUserStack (node_modules/detox/src/utils/errorUti
ls.js:36:27)
      at RuntimeDevice.stackTraceWrapper (node_modules/detox/src/utils/w
rapWithStackTraceCutter.js:9:34)
      at Object.reloadReactNative (e2e/positive.e2e.test.js:7:18)
      at asyncGeneratorStep (node_modules/@babel/runtime/helpers/asyncTo
Generator.js:3:17)
      at _next (node_modules/@babel/runtime/helpers/asyncToGenerator.js:
17:9)
      at node_modules/@babel/runtime/helpers/asyncToGenerator.js:22:7
      at Object.<anonymous> (node_modules/@babel/runtime/helpers/asyncTo
Generator.js:14:12)

16:40:48.539 detox[5792] i starter.test.js is assigned to emulator-5554 
(Pixel_7)
16:40:56.202 detox[5792] i Smoke: should show home screen
16:40:56.336 detox[5792] i Smoke: should show home screen [FAIL]

FAIL e2e/starter.test.js (9.514 s)
  Smoke
    ├Ś should show home screen (134 ms)

  ÔŚĆ Smoke ÔÇ║ should show home screen

    The pending request #-1000 ("reactNativeReload") has been rejected d
ue to the following error:

    The app has unexpectedly disconnected from Detox server.

    [0m [90m  5 |[39m
     [90m  6 |[39m   beforeEach([36masync[39m () [33m=>[39m {
    [31m[1m>[22m[39m[90m  7 |[39m     [36mawait[39m device[33m.
[39mreloadReactNative()[33m;[39m
     [90m    |[39m                  [31m[1m^[22m[39m
     [90m  8 |[39m   })[33m;[39m
     [90m  9 |[39m
     [90m 10 |[39m   it([32m'should show home screen'[39m[33m,[39m
 [36masync[39m () [33m=>[39m {[0m

      at createErrorWithUserStack (node_modules/detox/src/utils/errorUti
ls.js:36:27)
      at RuntimeDevice.stackTraceWrapper (node_modules/detox/src/utils/w
rapWithStackTraceCutter.js:9:34)
      at Object.reloadReactNative (e2e/starter.test.js:7:18)
      at asyncGeneratorStep (node_modules/@babel/runtime/helpers/asyncTo
Generator.js:3:17)
      at _next (node_modules/@babel/runtime/helpers/asyncToGenerator.js:
17:9)
      at node_modules/@babel/runtime/helpers/asyncToGenerator.js:22:7
      at Object.<anonymous> (node_modules/@babel/runtime/helpers/asyncTo
Generator.js:14:12)

Test Suites: 3 failed, 3 total
Tests:       5 failed, 5 total
Snapshots:   0 total
Time:        30.453 s, estimated 35 s
Ran all test suites.
16:40:56.479 detox[20748] E Command failed with exit code = 1:
jest --config e2e/jest.config.js
